[24/08/2026, 15:37:58] [ERROR] Erro ao enviar para DG Guimaraes Advocacia: Attempted to use detached Frame 'E989CE88196302E1AC2F21F9FBAE2E3C'.
[24/08/2026, 15:37:58] [INFO] Aguardando 70s antes do próximo envio.
[24/08/2026, 15:38:51] [INFO] Iniciando automação de prospecção.
[24/08/2026, 15:38:53] [INFO] Iniciando automação de prospecção.
[24/08/2026, 15:40:39] [INFO] Sessão autenticada com sucesso.
[24/08/2026, 15:40:43] [INFO] Cliente do WhatsApp pronto.
[24/08/2026, 15:40:43] [INFO] Fila com 13 contato(s) pendente(s).
[24/08/2026, 15:40:43] [ERROR] Erro ao enviar para Advprev: Número não encontrado no WhatsApp: +55 77 3421-5726
[24/08/2026, 15:40:43] [INFO] Aguardando 104s antes do próximo envio.
[24/08/2026, 15:42:27] [ERROR] Erro ao enviar para Sociedade Civil Trabalhista: Número não encontrado no WhatsApp: +55 77 3421-2551
[24/08/2026, 15:42:27] [INFO] Aguardando 86s antes do próximo envio.
[24/08/2026, 15:43:54] [ERROR] Erro ao enviar para Advogado JOHN CARVALHO: Número não encontrado no WhatsApp: +55 77 99872-1260
[24/08/2026, 15:43:54] [INFO] Aguardando 71s antes do próximo envio.
[24/08/2026, 15:45:05] [ERROR] Erro ao enviar para Weliton's Advogados & Associados: Número não encontrado no WhatsApp: +55 77 99812-4299
[24/08/2026, 15:45:05] [INFO] Aguardando 105s antes do próximo envio.
[24/08/2026, 15:46:51] [ERROR] Erro ao enviar para Oliveira Almeida Sociedade de Advogados: Número não encontrado no WhatsApp: +55 77 99919-7292
[24/08/2026, 15:46:51] [INFO] Aguardando 83s antes do próximo envio.
[24/08/2026, 15:48:15] [ERROR] Erro ao enviar para Carvalho Brito Advogados Associados: Número não encontrado no WhatsApp: +55 77 3422-6417
[24/08/2026, 15:48:15] [INFO] Aguardando 82s antes do próximo envio.
[24/08/2026, 15:49:37] [ERROR] Erro ao enviar para Dr. Romulo Rocha Alves: Número não encontrado no WhatsApp: +55 77 99116-9200
[24/08/2026, 15:49:37] [INFO] Aguardando 80s antes do próximo envio.
[24/08/2026, 15:50:56] [ERROR] Erro ao enviar para Edgard Larry Andrade Soares: Número não encontrado no WhatsApp: +55 77 3424-6789
[24/08/2026, 15:50:57] [INFO] Aguardando 89s antes do próximo envio.
[24/08/2026, 15:52:26] [ERROR] Erro ao enviar para Núcleo de Prática Jurídica da FAINOR: Número não encontrado no WhatsApp: +55 77 3161-1099
[24/08/2026, 15:52:26] [INFO] Aguardando 118s antes do próximo envio.
[24/08/2026, 15:54:24] [ERROR] Erro ao enviar para Ruy Medeiros Assessoria Jurídica: Número não encontrado no WhatsApp: +55 77 3421-4805
[24/08/2026, 15:54:24] [INFO] Aguardando 109s antes do próximo envio.
[24/08/2026, 15:56:14] [ERROR] Erro ao enviar para Ademir Oliveira Góes: Número não encontrado no WhatsApp: +55 77 3421-1453
[24/08/2026, 15:56:14] [INFO] Aguardando 106s antes do próximo envio.
[24/08/2026, 15:58:00] [INFO] Enviado para DG Guimaraes Advocacia (+55 77 99920-0083)
[24/08/2026, 15:58:00] [INFO] Aguardando 89s antes do próximo envio.
[24/08/2026, 15:59:30] [INFO] Enviado para Andressa Caires - Advocacia (+55 77 98814-9701)
[24/08/2026, 15:59:30] [INFO] Fila finalizada.
[24/08/2026, 15:59:32] [INFO] Campanha finalizada.
