[14/08/2026, 15:04:41] [INFO] Iniciando automação de prospecção.
[14/08/2026, 15:06:13] [INFO] Sessão autenticada com sucesso.
[14/08/2026, 15:06:16] [INFO] Cliente do WhatsApp pronto.
[14/08/2026, 15:06:16] [INFO] Fila com 30 contato(s) pendente(s).
[14/08/2026, 15:06:21] [INFO] Enviado para Taís Lopes - Advogada de Família (+55 71 99916-7550)
[14/08/2026, 15:06:21] [INFO] Aguardando 107s antes do próximo envio.
[14/08/2026, 15:08:08] [INFO] Enviado para Dra. Ana Carolina Gouvêa | Advogada de Família e Sucessões (+55 71 98274-6019)
[14/08/2026, 15:08:08] [INFO] Aguardando 111s antes do próximo envio.
[14/08/2026, 15:09:59] [INFO] Enviado para Deluzia Advogada (+55 71 99363-2748)
[14/08/2026, 15:09:59] [INFO] Aguardando 88s antes do próximo envio.
[14/08/2026, 15:11:27] [INFO] Enviado para Andrade & Costa Consultoria e Assessoria Jurídica (+55 71 98766-5756)
[14/08/2026, 15:11:27] [INFO] Aguardando 97s antes do próximo envio.
[14/08/2026, 15:13:05] [INFO] Enviado para Giovanna Flamiano - Advocacia Previdenciária (+55 71 99104-6963)
[14/08/2026, 15:13:05] [INFO] Aguardando 103s antes do próximo envio.
[14/08/2026, 15:13:42] [INFO] Iniciando automação de prospecção.
[14/08/2026, 15:13:46] [INFO] Iniciando automação de prospecção.
[14/08/2026, 15:13:50] [INFO] Iniciando automação de prospecção.
[14/08/2026, 15:14:01] [INFO] Iniciando automação de prospecção.
[14/08/2026, 15:14:10] [INFO] Sessão autenticada com sucesso.
[14/08/2026, 15:14:12] [INFO] Cliente do WhatsApp pronto.
[14/08/2026, 15:14:12] [INFO] Fila com 25 contato(s) pendente(s).
[14/08/2026, 15:14:13] [INFO] Enviado para ELAINE SOUZA SOCIEDADE INDIVIDUAL DE ADVOCACIA (+55 71 98213-0704)
[14/08/2026, 15:14:13] [INFO] Aguardando 67s antes do próximo envio.
[14/08/2026, 15:15:21] [INFO] Enviado para PREVITTA (+55 71 98315-2571)
[14/08/2026, 15:15:21] [INFO] Aguardando 113s antes do próximo envio.
[14/08/2026, 15:15:51] [INFO] Iniciando automação de prospecção.
[14/08/2026, 15:15:58] [INFO] Iniciando automação de prospecção.
[14/08/2026, 15:16:08] [INFO] Sessão autenticada com sucesso.
[14/08/2026, 15:16:09] [INFO] Cliente do WhatsApp pronto.
[14/08/2026, 15:16:09] [INFO] Fila com 23 contato(s) pendente(s).
[14/08/2026, 15:16:10] [ERROR] Erro ao enviar para Magda Rodrigues: Número não encontrado no WhatsApp: +55 71 3105-7433
[14/08/2026, 15:16:10] [INFO] Aguardando 66s antes do próximo envio.
[14/08/2026, 15:17:16] [INFO] Enviado para Felipe Lima Advocacia Previdenciária - INSS (+55 71 99947-1311)
[14/08/2026, 15:17:16] [INFO] Aguardando 99s antes do próximo envio.
[14/08/2026, 15:18:56] [INFO] Enviado para Rodrigues Advogados Associados (+55 71 99220-7459)
[14/08/2026, 15:18:56] [INFO] Aguardando 79s antes do próximo envio.
[14/08/2026, 15:20:15] [INFO] Enviado para francilene santos da silva (+55 71 98645-0002)
[14/08/2026, 15:20:15] [INFO] Aguardando 67s antes do próximo envio.
[14/08/2026, 15:21:22] [INFO] Enviado para Gonzaga - Advocacia e Consultoria (+55 71 99617-4149)
[14/08/2026, 15:21:22] [INFO] Aguardando 94s antes do próximo envio.
[14/08/2026, 15:22:56] [INFO] Enviado para Aleide Kalil Advogada (+55 71 98812-4135)
[14/08/2026, 15:22:56] [INFO] Aguardando 102s antes do próximo envio.
[14/08/2026, 15:24:39] [INFO] Enviado para Marcio Reis Advocacia Previdenciária (+55 71 98231-6259)
[14/08/2026, 15:24:39] [INFO] Aguardando 60s antes do próximo envio.
[14/08/2026, 15:25:39] [INFO] Enviado para Coêlho & Pereira Advogados Associados (+55 71 98605-3971)
[14/08/2026, 15:25:39] [INFO] Aguardando 74s antes do próximo envio.
[14/08/2026, 15:26:54] [INFO] Enviado para Advogado de Trânsito - Marcel Sampaio (+55 71 98677-2932)
[14/08/2026, 15:26:54] [INFO] Aguardando 96s antes do próximo envio.
[14/08/2026, 15:28:31] [INFO] Enviado para Viviane Lima Advocacia e Consultoria Jurídica online (+55 71 99913-1318)
[14/08/2026, 15:28:31] [INFO] Aguardando 101s antes do próximo envio.
