[19/08/2026, 11:41:55] [INFO] Iniciando automação de prospecção.
[19/08/2026, 11:47:14] [INFO] Sessão autenticada com sucesso.
[19/08/2026, 11:47:20] [INFO] Cliente do WhatsApp pronto.
[19/08/2026, 11:47:20] [INFO] Fila com 77 contato(s) pendente(s).
[19/08/2026, 11:47:20] [INFO] Fora do horário comercial (11:47:20). Aguardando ~133 min até a próxima janela.
[19/08/2026, 11:47:56] [INFO] Iniciando automação de prospecção.
[19/08/2026, 11:48:24] [INFO] Sessão autenticada com sucesso.
[19/08/2026, 11:48:30] [INFO] Cliente do WhatsApp pronto.
[19/08/2026, 11:48:30] [INFO] Fila com 77 contato(s) pendente(s).
[19/08/2026, 11:48:30] [INFO] Fora do horário comercial (11:48:30). Aguardando ~132 min até a próxima janela.
[19/08/2026, 13:50:10] [INFO] Iniciando automação de prospecção.
[19/08/2026, 13:50:13] [INFO] Iniciando automação de prospecção.
[19/08/2026, 13:50:42] [INFO] Sessão autenticada com sucesso.
[19/08/2026, 13:50:43] [INFO] Cliente do WhatsApp pronto.
[19/08/2026, 13:50:43] [INFO] Fila com 77 contato(s) pendente(s).
[19/08/2026, 13:50:43] [INFO] Fora do horário comercial (13:50:43). Aguardando ~10 min até a próxima janela.
[19/08/2026, 09:51:07] [INFO] Iniciando automação de prospecção.
[19/08/2026, 09:51:09] [INFO] Iniciando automação de prospecção.
[19/08/2026, 09:51:29] [INFO] Sessão autenticada com sucesso.
[19/08/2026, 09:51:33] [INFO] Cliente do WhatsApp pronto.
[19/08/2026, 09:51:33] [INFO] Fila com 77 contato(s) pendente(s).
[19/08/2026, 09:51:34] [INFO] Enviado para Advogado criminalista em Vitória da Conquista - Dalila Prates (+55 77 99870-0064)
[19/08/2026, 09:51:34] [INFO] Aguardando 84s antes do próximo envio.
[19/08/2026, 09:53:08] [INFO] Enviado para Advogado Ikaro Costa (+55 77 98815-0758)
[19/08/2026, 09:53:08] [INFO] Aguardando 71s antes do próximo envio.
[19/08/2026, 09:54:21] [INFO] Enviado para Isabelle Freitas - Advocacia Criminal (+55 77 98807-9521)
[19/08/2026, 09:54:22] [INFO] Aguardando 110s antes do próximo envio.
[19/08/2026, 09:56:12] [INFO] Enviado para Hiram Filho - Advocacia Criminal (+55 77 99193-3694)
[19/08/2026, 09:56:12] [INFO] Aguardando 73s antes do próximo envio.
[19/08/2026, 09:57:25] [INFO] Enviado para Paulo Soares Advogado Trabalhista (+55 77 99839-0335)
[19/08/2026, 09:57:25] [INFO] Aguardando 94s antes do próximo envio.
[19/08/2026, 09:59:00] [INFO] Enviado para Hannah Brazão - Advogada 24 horas (+55 77 98109-7621)
[19/08/2026, 09:59:00] [INFO] Aguardando 117s antes do próximo envio.
[19/08/2026, 09:59:38] [INFO] Iniciando automação de prospecção.
[19/08/2026, 10:00:07] [INFO] Sessão autenticada com sucesso.
[19/08/2026, 10:00:08] [INFO] Cliente do WhatsApp pronto.
[19/08/2026, 10:00:08] [INFO] Fila com 71 contato(s) pendente(s).
[19/08/2026, 10:00:10] [INFO] Enviado para Dra. Flávia Duque | Advogada (+55 77 99915-3232)
[19/08/2026, 10:00:10] [INFO] Aguardando 86s antes do próximo envio.
[19/08/2026, 10:01:36] [INFO] Enviado para MONTEIRO, SANTOS E ROSA (+55 77 99987-1303)
[19/08/2026, 10:01:36] [INFO] Aguardando 72s antes do próximo envio.
[19/08/2026, 10:02:50] [INFO] Enviado para Lívia Cathalá - Advogada de inventário e imóveis (+55 77 3082-8981)
[19/08/2026, 10:02:50] [INFO] Aguardando 96s antes do próximo envio.
[19/08/2026, 10:04:33] [INFO] Enviado para Escritório de Advocacia Dr. Renato Menezes (+55 77 98141-1000)
[19/08/2026, 10:04:33] [INFO] Aguardando 109s antes do próximo envio.
[19/08/2026, 10:06:23] [INFO] Enviado para Rafael Leite Advogado (+55 77 99127-6191)
[19/08/2026, 10:06:23] [INFO] Aguardando 84s antes do próximo envio.
[19/08/2026, 10:07:47] [INFO] Enviado para Maria Aguiar | Advocacia Previdenciária (+55 77 99151-7816)
[19/08/2026, 10:07:47] [INFO] Aguardando 82s antes do próximo envio.
[19/08/2026, 10:09:11] [INFO] Enviado para Marcone Portela - Advogados Associados (+55 77 98801-9505)
[19/08/2026, 10:09:11] [INFO] Aguardando 99s antes do próximo envio.
[19/08/2026, 10:10:51] [INFO] Enviado para Carvalho & Tamandaré Advocacia (+55 77 98129-9623)
[19/08/2026, 10:10:51] [INFO] Aguardando 104s antes do próximo envio.
[19/08/2026, 10:12:35] [INFO] Enviado para Matos Sociedade de Advocacia (+55 77 99196-9045)
[19/08/2026, 10:12:35] [INFO] Aguardando 88s antes do próximo envio.
[19/08/2026, 10:14:04] [INFO] Enviado para Priscilla Lacerda - Advogada Previdenciária (+55 77 99908-2443)
[19/08/2026, 10:14:04] [INFO] Aguardando 90s antes do próximo envio.
[19/08/2026, 10:15:34] [INFO] Enviado para Gabriela Cabral Santos Advogada previdenciarista (+55 77 99956-1919)
[19/08/2026, 10:15:34] [INFO] Aguardando 86s antes do próximo envio.
[19/08/2026, 10:17:00] [INFO] Enviado para Advogada Ana Paula Rocha (+55 77 99992-9916)
[19/08/2026, 10:17:00] [INFO] Aguardando 61s antes do próximo envio.
[19/08/2026, 10:18:01] [ERROR] Erro ao enviar para Advprev: Número não encontrado no WhatsApp: +55 77 3421-5726
[19/08/2026, 10:18:01] [INFO] Aguardando 103s antes do próximo envio.
[19/08/2026, 10:19:45] [INFO] Enviado para Resende Advogados Associados (+55 77 98843-3195)
[19/08/2026, 10:19:45] [INFO] Aguardando 117s antes do próximo envio.
[19/08/2026, 10:21:43] [INFO] Enviado para JVS & BONONI ADVOGADOS (+55 77 98813-6845)
[19/08/2026, 10:21:43] [INFO] Aguardando 118s antes do próximo envio.
[19/08/2026, 10:23:42] [INFO] Enviado para Yuri Vieira Advocacia Previdenciária (+55 71 99238-9236)
[19/08/2026, 10:23:42] [INFO] Aguardando 91s antes do próximo envio.
[19/08/2026, 10:25:14] [INFO] Enviado para ALBANO E CERQUEIRA ADVOCACIA (+55 77 98119-4526)
[19/08/2026, 10:25:14] [INFO] Aguardando 73s antes do próximo envio.
[19/08/2026, 10:26:28] [INFO] Enviado para Erick Silveira - ADVOGADO CRIMINALISTA (+55 77 98832-2560)
[19/08/2026, 10:26:28] [INFO] Aguardando 111s antes do próximo envio.
[19/08/2026, 12:36:35] [INFO] Iniciando automação de prospecção.
[19/08/2026, 12:36:56] [INFO] Sessão autenticada com sucesso.
[19/08/2026, 12:36:58] [INFO] Cliente do WhatsApp pronto.
[19/08/2026, 12:36:58] [INFO] Fila com 54 contato(s) pendente(s).
[19/08/2026, 12:36:58] [INFO] Fora do horário comercial (12:36:58). Aguardando ~84 min até a próxima janela.
[19/08/2026, 14:40:15] [ERROR] Erro ao enviar para Advprev: Número não encontrado no WhatsApp: +55 77 3421-5726
[19/08/2026, 14:40:15] [INFO] Aguardando 72s antes do próximo envio.
[19/08/2026, 14:41:27] [ERROR] Erro ao enviar para Sociedade Civil Trabalhista: Número não encontrado no WhatsApp: +55 77 3421-2551
[19/08/2026, 14:41:27] [INFO] Aguardando 100s antes do próximo envio.
[19/08/2026, 14:43:07] [INFO] Enviado para Rosana N. Almeida (+55 77 99141-4636)
[19/08/2026, 14:43:07] [INFO] Aguardando 92s antes do próximo envio.
[19/08/2026, 14:43:42] [INFO] Iniciando automação de prospecção.
[19/08/2026, 14:43:44] [INFO] Iniciando automação de prospecção.
[19/08/2026, 14:44:33] [INFO] Sessão autenticada com sucesso.
[19/08/2026, 14:44:35] [INFO] Cliente do WhatsApp pronto.
[19/08/2026, 14:44:35] [INFO] Fila com 53 contato(s) pendente(s).
[19/08/2026, 14:44:35] [ERROR] Erro ao enviar para Advprev: Número não encontrado no WhatsApp: +55 77 3421-5726
[19/08/2026, 14:44:35] [INFO] Aguardando 81s antes do próximo envio.
[19/08/2026, 14:45:57] [ERROR] Erro ao enviar para Sociedade Civil Trabalhista: Número não encontrado no WhatsApp: +55 77 3421-2551
[19/08/2026, 14:45:57] [INFO] Aguardando 70s antes do próximo envio.
[19/08/2026, 14:47:07] [INFO] Enviado para ANDRADE PORTO & PÚBLIO - ADVOCACIA (+55 77 98164-7336)
[19/08/2026, 14:47:07] [INFO] Aguardando 103s antes do próximo envio.
[19/08/2026, 14:48:51] [INFO] Enviado para Paulo de Tarso Advogados Associados (+55 77 98802-1326)
[19/08/2026, 14:48:51] [INFO] Aguardando 66s antes do próximo envio.
[19/08/2026, 14:50:19] [INFO] Enviado para Rocha Advogados (+55 77 98836-0250)
[19/08/2026, 14:50:19] [INFO] Aguardando 74s antes do próximo envio.
[19/08/2026, 14:51:34] [ERROR] Erro ao enviar para Advogado JOHN CARVALHO: Número não encontrado no WhatsApp: +55 77 99872-1260
[19/08/2026, 14:51:34] [INFO] Aguardando 119s antes do próximo envio.
[19/08/2026, 14:53:33] [INFO] Enviado para AGO - Amaral, Guerra & Oliveira Advogados (+55 77 98867-2525)
[19/08/2026, 14:53:33] [INFO] Aguardando 82s antes do próximo envio.
[19/08/2026, 14:54:56] [INFO] Enviado para Advogado - Dr. Emerson Moreira (+55 77 99951-7229)
[19/08/2026, 14:54:56] [INFO] Aguardando 74s antes do próximo envio.
[19/08/2026, 14:56:11] [INFO] Enviado para Figueredo & Flôres Advocacia (+55 77 99905-6215)
[19/08/2026, 14:56:11] [INFO] Aguardando 101s antes do próximo envio.
[19/08/2026, 14:57:53] [INFO] Enviado para Advogada - Fernanda Oliveira (+55 77 99115-2182)
[19/08/2026, 14:57:53] [INFO] Aguardando 104s antes do próximo envio.
[19/08/2026, 14:59:37] [INFO] Enviado para POLIANA SANDES ADVOCACIA (+55 77 99819-0339)
[19/08/2026, 14:59:37] [INFO] Aguardando 80s antes do próximo envio.
[19/08/2026, 15:00:57] [INFO] Enviado para Tássio Menezes - Advogado (+55 77 98826-1222)
[19/08/2026, 15:00:57] [INFO] Aguardando 119s antes do próximo envio.
[19/08/2026, 15:02:57] [INFO] Enviado para Kádidja Rocha Advocacia Previdenciária (+55 77 99192-3968)
[19/08/2026, 15:02:57] [INFO] Aguardando 102s antes do próximo envio.
[19/08/2026, 15:15:12] [ERROR] Erro ao enviar para Rodrigues Leite advocacia: Attempted to use detached Frame '8A7BB88BD2D75440FB811BC09B328F67'.
[19/08/2026, 15:15:12] [INFO] Aguardando 82s antes do próximo envio.
[19/08/2026, 15:15:23] [INFO] Iniciando automação de prospecção.
[19/08/2026, 15:15:32] [INFO] Sessão autenticada com sucesso.
[19/08/2026, 15:15:35] [INFO] Cliente do WhatsApp pronto.
[19/08/2026, 15:15:35] [INFO] Fila com 43 contato(s) pendente(s).
[19/08/2026, 15:15:35] [ERROR] Erro ao enviar para Advprev: Número não encontrado no WhatsApp: +55 77 3421-5726
[19/08/2026, 15:15:35] [INFO] Aguardando 79s antes do próximo envio.
[19/08/2026, 15:16:54] [ERROR] Erro ao enviar para Sociedade Civil Trabalhista: Número não encontrado no WhatsApp: +55 77 3421-2551
[19/08/2026, 15:16:54] [INFO] Aguardando 71s antes do próximo envio.
[19/08/2026, 15:18:06] [ERROR] Erro ao enviar para Advogado JOHN CARVALHO: Número não encontrado no WhatsApp: +55 77 99872-1260
[19/08/2026, 15:18:06] [INFO] Aguardando 82s antes do próximo envio.
[19/08/2026, 15:19:29] [INFO] Enviado para Rodrigues Leite advocacia (+55 77 99852-3461)
[19/08/2026, 15:19:29] [INFO] Aguardando 79s antes do próximo envio.
[19/08/2026, 15:20:48] [ERROR] Erro ao enviar para Weliton's Advogados & Associados: Número não encontrado no WhatsApp: +55 77 99812-4299
[19/08/2026, 15:20:48] [INFO] Aguardando 115s antes do próximo envio.
[19/08/2026, 15:22:44] [INFO] Enviado para LUIS CLAUDIO MATOS FERRAZ (+55 77 99876-5589)
[19/08/2026, 15:22:44] [INFO] Aguardando 61s antes do próximo envio.
[19/08/2026, 15:23:46] [INFO] Enviado para Advogada Raisa Brito Nunes (+55 77 98160-2819)
[19/08/2026, 15:23:46] [INFO] Aguardando 63s antes do próximo envio.
[19/08/2026, 15:24:50] [INFO] Enviado para NCB advogados associados (+55 77 99933-1281)
[19/08/2026, 15:24:50] [INFO] Aguardando 63s antes do próximo envio.
[19/08/2026, 15:25:53] [INFO] Enviado para Guimarães & Dutra Advocacia (+55 77 99211-8101)
[19/08/2026, 15:25:53] [INFO] Aguardando 106s antes do próximo envio.
[19/08/2026, 15:27:40] [INFO] Enviado para Tailan Ribeiro | Advocacia Previdenciária (+55 73 99131-7787)
[19/08/2026, 15:27:40] [INFO] Aguardando 106s antes do próximo envio.
