[10/08/2026, 15:06:33] [INFO] Iniciando automação de prospecção.
[10/08/2026, 15:10:09] [INFO] Iniciando automação de prospecção.
[10/08/2026, 15:11:10] [INFO] Sessão autenticada com sucesso.
[10/08/2026, 15:11:14] [INFO] Cliente do WhatsApp pronto.
[10/08/2026, 15:11:14] [INFO] Fila com 43 contato(s) pendente(s).
[10/08/2026, 15:11:23] [INFO] Enviado para Escritório Couto Silva Advocacia & Consultoria- Dra. Yanna Raissa Couto- Salvador (+55 71 98315-8987)
[10/08/2026, 15:11:23] [INFO] Aguardando 112s antes do próximo envio.
[10/08/2026, 15:13:15] [ERROR] Erro ao enviar para Advogado Trabalhista em Salvador: Número não encontrado no WhatsApp: +55 71 3901-0581
[10/08/2026, 15:13:15] [INFO] Aguardando 86s antes do próximo envio.
[10/08/2026, 15:14:46] [INFO] Enviado para Advogada Trabalhista - Emily Ferreira (+55 71 98625-9696)
[10/08/2026, 15:14:46] [INFO] Aguardando 69s antes do próximo envio.
[10/08/2026, 15:15:55] [INFO] Enviado para ADVOGADO CRIMINALISTA - DR. MATHEUS BARBOSA (+55 71 99216-2286)
[10/08/2026, 15:15:55] [INFO] Aguardando 82s antes do próximo envio.
[10/08/2026, 15:17:20] [INFO] Enviado para Bernardo Lins | Advogado Criminalista (+55 71 99137-9176)
[10/08/2026, 15:17:20] [INFO] Aguardando 76s antes do próximo envio.
[10/08/2026, 15:18:37] [INFO] Enviado para Carlos Adães - Advogado Criminalista (+55 71 99281-1601)
[10/08/2026, 15:18:37] [INFO] Aguardando 97s antes do próximo envio.
[10/08/2026, 15:20:14] [INFO] Enviado para Fernanda Jones Advocacia Criminal (+55 71 98218-0277)
[10/08/2026, 15:20:14] [INFO] Aguardando 64s antes do próximo envio.
[10/08/2026, 15:21:19] [INFO] Enviado para Thamires Santos | Advogada Criminal e de Trânsito (+55 71 99287-2711)
[10/08/2026, 15:21:19] [INFO] Aguardando 100s antes do próximo envio.
[10/08/2026, 15:23:00] [INFO] Enviado para Bruna Reis Advocacia Criminal (+55 71 99341-8112)
[10/08/2026, 15:23:00] [INFO] Aguardando 76s antes do próximo envio.
[10/08/2026, 15:24:16] [INFO] Enviado para Dr. Carlos Alberto - Advogado Previdenciário - INSS (+55 71 99300-9680)
[10/08/2026, 15:24:16] [INFO] Aguardando 95s antes do próximo envio.
[10/08/2026, 15:25:52] [INFO] Enviado para Manhanini Advocacia - Advogado Previdenciário / Trabalhista / CDC / INSS (+55 71 98155-0466)
[10/08/2026, 15:25:52] [INFO] Aguardando 112s antes do próximo envio.
[10/08/2026, 15:27:44] [INFO] Enviado para Advocacia previdenciária (ESPECIALISTA EM APOSENTADORIAS/INSS) (+55 71 98212-3122)
[10/08/2026, 15:27:44] [INFO] Aguardando 83s antes do próximo envio.
[10/08/2026, 15:29:08] [INFO] Enviado para Advogada de Família em Salvador - Vitória Pires (+55 71 99640-4448)
[10/08/2026, 15:29:08] [INFO] Aguardando 111s antes do próximo envio.
